../Drivers/CMSIS/Include/core_cm7.h:2229:22:SCB_EnableICache	4	static,ignoring_inline_asm
../Drivers/CMSIS/Include/core_cm7.h:2281:22:SCB_EnableDCache	24	static,ignoring_inline_asm
../Core/Src/main.c:236:5:main	8	static
../Core/Src/main.c:348:6:SystemClock_Config	88	static
../Core/Src/main.c:405:6:HAL_GPIO_EXTI_Callback	16	static
../Core/Src/main.c:416:6:Init_Heigh_Pill	16	static
../Core/Src/main.c:425:6:WelcomeFlappy	16	static
../Core/Src/main.c:451:6:Draw_Pillar	24	static
../Core/Src/main.c:466:6:Bird_Fly	24	static
../Core/Src/main.c:473:6:Print_Score	32	static
../Core/Src/main.c:493:6:Game_Over	32	static
../Core/Src/main.c:542:6:Init_Game	16	static
../Core/Src/main.c:561:6:Start_GameFlappy	24	static
../Core/Src/main.c:656:6:WelcomePingpong	16	static
../Core/Src/main.c:670:6:StartGamePingpong	8	static
../Core/Src/main.c:716:6:PingPongGame	24	static
../Core/Src/main.c:824:6:inPaddle	32	static
../Core/Src/main.c:833:6:move_ball	24	static
../Core/Src/main.c:885:6:delPaddle	4	static
../Core/Src/main.c:907:6:display	24	static
../Core/Src/main.c:954:6:Error_Handler	4	static
